1550920145.289     77 10.254.55.18 TCP_MISS/200 1662 CONNECT 10.254.55.244:443 - DIRECT/10.254.55.244 -
1550920145.294     55 10.254.55.18 TCP_MISS/200 1662 CONNECT 10.254.55.244:443 - DIRECT/10.254.55.244 -
1550920145.301     25 10.254.58.150 TCP_MISS/304 242 GET http://mc.corel.com/futuretense_cs/ccurl/251/581/red1.png - DIRECT/23.42.152.151 image/png
1550920145.316     51 10.254.55.18 TCP_MISS/200 1662 CONNECT 10.254.55.244:443 - DIRECT/10.254.55.244 -
1550920145.317     87 10.254.57.20 TCP_MISS/200 190 POST http://ru-mow-anx-r012.teamviewer.com/dout.aspx? - DIRECT/37.252.254.175 -
1550920145.323    126 10.254.56.240 TCP_MISS/503 0 CONNECT 198.7.58.83:80 - DIRECT/198.7.58.83 -
1550920145.335     25 10.254.58.150 TCP_MISS/304 242 GET http://mc.corel.com/futuretense_cs/ccurl/557/952/installnow_now.png - DIRECT/23.42.152.151 image/png
1550920145.344    112 10.254.55.18 TCP_MISS/200 1784 CONNECT 10.254.55.48:443 - DIRECT/10.254.55.48 -
1550920145.353 125504 10.254.56.91 TCP_MISS/200 1749 CONNECT evoke-windowsservices-tas.msedge.net:443 - DIRECT/13.107.5.88 -
1550920145.366     74 10.254.55.18 TCP_MISS/200 1662 CONNECT 10.254.55.244:443 - DIRECT/10.254.55.244 -
1550920145.370     26 10.254.58.150 TCP_MISS/304 242 GET http://mc.corel.com/futuretense_cs/ccurl/38/435/installnow_left.png - DIRECT/23.42.152.151 image/png
1550920145.370     51 10.254.55.18 TCP_MISS/200 1662 CONNECT 10.254.55.244:443 - DIRECT/10.254.55.244 -
1550920145.395     99 10.254.55.18 TCP_MISS/200 1784 CONNECT 10.254.55.48:443 - DIRECT/10.254.55.48 -
1550920145.402     24 10.254.58.150 TCP_MISS/304 242 GET http://mc.corel.com/futuretense_cs/ccurl/883/675/installnow_right.png - DIRECT/23.42.152.151 image/png
1550920145.423     77 10.254.55.18 TCP_MISS/200 1662 CONNECT 10.254.55.244:443 - DIRECT/10.254.55.244 -
1550920145.431     59 10.254.55.18 TCP_MISS/200 1662 CONNECT 10.254.55.244:443 - DIRECT/10.254.55.244 -
1550920145.435     25 10.254.58.150 TCP_MISS/304 243 GET http://mc.corel.com/futuretense_cs/ccurl/741/961/1248383926634,10.txt - DIRECT/23.42.152.151 text/plain
1550920145.439     90 10.254.57.20 TCP_MISS/200 190 POST http://ru-mow-anx-r012.teamviewer.com/dout.aspx? - DIRECT/37.252.254.175 -
1550920145.450     51 10.254.55.18 TCP_MISS/200 1662 CONNECT 10.254.55.244:443 - DIRECT/10.254.55.244 -
1550920145.451    745 10.254.57.20 TCP_MISS/200 278 GET http://ru-mow-anx-r012.teamviewer.com/din.aspx? - DIRECT/37.252.254.175 application/octet-stream
1550920145.469    126 10.254.56.240 TCP_MISS/503 0 CONNECT 198.7.58.83:80 - DIRECT/198.7.58.83 -
1550920145.472     27 10.254.58.150 TCP_MISS/304 243 GET http://mc.corel.com/futuretense_cs/ccurl/809/217/round_btn_body.jpg - DIRECT/23.42.152.151 image/jpeg
1550920145.476    108 10.254.55.18 TCP_MISS/200 1784 CONNECT 10.254.55.48:443 - DIRECT/10.254.55.48 -
1550920145.488     29 10.254.57.20 TCP_MISS/200 190 POST http://ru-mow-anx-r012.teamviewer.com/dout.aspx? - DIRECT/37.252.254.175 -
1550920145.494     68 10.254.55.18 TCP_MISS/200 1662 CONNECT 10.254.55.244:443 - DIRECT/10.254.55.244 -
1550920145.503     15 10.254.57.20 TCP_MISS/200 278 GET http://ru-mow-anx-r012.teamviewer.com/din.aspx? - DIRECT/37.252.254.175 application/octet-stream
1550920145.503     51 10.254.55.18 TCP_MISS/200 1662 CONNECT 10.254.55.244:443 - DIRECT/10.254.55.244 -
1550920145.507     27 10.254.58.150 TCP_MISS/304 243 GET http://mc.corel.com/futuretense_cs/ccurl/782/260/round_btn_left.jpg - DIRECT/23.42.152.151 image/jpeg
1550920145.528     31 10.254.57.20 TCP_MISS/200 190 POST http://ru-mow-anx-r003.teamviewer.com/dout.aspx? - DIRECT/37.252.254.166 -
1550920145.531     98 10.254.55.18 TCP_MISS/200 1784 CONNECT 10.254.55.48:443 - DIRECT/10.254.55.48 -
1550920145.540     25 10.254.58.150 TCP_MISS/304 243 GET http://mc.corel.com/futuretense_cs/ccurl/507/560/round_btn_right.jpg - DIRECT/23.42.152.151 image/jpeg
1550920145.543   1970 10.254.57.20 TCP_MISS/200 280 GET http://ru-mow-anx-r003.teamviewer.com/din.aspx? - DIRECT/37.252.254.166 application/octet-stream
1550920145.559     80 10.254.55.18 TCP_MISS/200 1662 CONNECT 10.254.55.244:443 - DIRECT/10.254.55.244 -
1550920145.569     28 10.254.57.20 TCP_MISS/200 190 POST http://ru-mow-anx-r012.teamviewer.com/dout.aspx? - DIRECT/37.252.254.175 -
1550920145.570     63 10.254.55.18 TCP_MISS/200 1662 CONNECT 10.254.55.244:443 - DIRECT/10.254.55.244 -
1550920145.574     25 10.254.58.150 TCP_MISS/304 242 GET http://mc.corel.com/futuretense_cs/ccurl/462/482/separator_daysleft.gif - DIRECT/23.42.152.151 image/gif
1550920145.585     51 10.254.55.18 TCP_MISS/200 1662 CONNECT 10.254.55.244:443 - DIRECT/10.254.55.244 -
1550920145.591     17 10.254.57.20 TCP_MISS/200 278 GET http://ru-mow-anx-r012.teamviewer.com/din.aspx? - DIRECT/37.252.254.175 application/octet-stream
1550920145.608     26 10.254.58.150 TCP_MISS/304 242 GET http://mc.corel.com/futuretense_cs/ccurl/163/183/serviceerr_dlg,40.htm - DIRECT/23.42.152.151 text/html
1550920145.612    115 10.254.55.18 TCP_MISS/200 1784 CONNECT 10.254.55.48:443 - DIRECT/10.254.55.48 -
1550920145.632     15 10.254.57.20 TCP_MISS/200 278 GET http://ru-mow-anx-r012.teamviewer.com/din.aspx? - DIRECT/37.252.254.175 application/octet-stream
1550920145.634     73 10.254.55.18 TCP_MISS/200 1662 CONNECT 10.254.55.244:443 - DIRECT/10.254.55.244 -
1550920145.643     24 10.254.58.150 TCP_MISS/304 242 GET http://mc.corel.com/futuretense_cs/ccurl/405/471/EN_TOS.htm - DIRECT/23.42.152.151 text/html
1550920145.643     56 10.254.55.18 TCP_MISS/200 1662 CONNECT 10.254.55.244:443 - DIRECT/10.254.55.244 -
1550920145.658      0 10.254.56.240 TCP_DENIED/400 1494 CONNECT [::1]:9229 - NONE/- text/html
1550920145.664      0 10.254.56.240 TCP_DENIED/400 1494 CONNECT [::1]:9229 - NONE/- text/html
1550920145.669     96 10.254.55.18 TCP_MISS/200 1784 CONNECT 10.254.55.48:443 - DIRECT/10.254.55.48 -
1550920145.684     31 10.254.58.150 TCP_MISS/304 249 GET http://mc.corel.com/futuretense_cs/ccurl/401/722/trial_available_pages.json - DIRECT/23.42.152.151 application/json
1550920145.696     79 10.254.55.18 TCP_MISS/200 1662 CONNECT 10.254.55.244:443 - DIRECT/10.254.55.244 -
1550920145.699     54 10.254.55.18 TCP_MISS/200 1662 CONNECT 10.254.55.244:443 - DIRECT/10.254.55.244 -
1550920145.718     23 10.254.58.150 TCP_MISS/304 249 GET http://mc.corel.com/futuretense_cs/ccurl/1016/250/trial_page_schedule.json - DIRECT/23.42.152.151 application/json
1550920145.721     49 10.254.55.18 TCP_MISS/200 1662 CONNECT 10.254.55.244:443 - DIRECT/10.254.55.244 -
1550920145.747    109 10.254.55.18 TCP_MISS/200 1784 CONNECT 10.254.55.48:443 - DIRECT/10.254.55.48 -
1550920145.750     23 10.254.58.150 TCP_MISS/304 243 GET http://mc.corel.com/futuretense_cs/ccurl/891/584/1241638714996,15.txt - DIRECT/23.42.152.151 text/plain
1550920145.761     62 10.254.55.18 TCP_MISS/200 1662 CONNECT 10.254.55.244:443 - DIRECT/10.254.55.244 -
1550920145.772     81 10.254.57.20 TCP_MISS/200 190 POST http://ru-mow-anx-r012.teamviewer.com/dout.aspx? - DIRECT/37.252.254.175 -
1550920145.773     49 10.254.55.18 TCP_MISS/200 1662 CONNECT 10.254.55.244:443 - DIRECT/10.254.55.244 -
1550920145.784     23 10.254.58.150 TCP_MISS/304 242 GET http://mc.corel.com/futuretense_cs/ccurl/418/1000/trust_logo_30daymb.png - DIRECT/23.42.152.151 image/png
1550920145.801     99 10.254.55.18 TCP_MISS/200 1784 CONNECT 10.254.55.48:443 - DIRECT/10.254.55.48 -
1550920145.817     24 10.254.58.150 TCP_MISS/304 242 GET http://mc.corel.com/futuretense_cs/ccurl/969/817/logo_bbb.png - DIRECT/23.42.152.151 image/png
1550920145.821     72 10.254.55.18 TCP_MISS/200 1662 CONNECT 10.254.55.244:443 - DIRECT/10.254.55.244 -
1550920145.827     51 10.254.55.18 TCP_MISS/200 1662 CONNECT 10.254.55.244:443 - DIRECT/10.254.55.244 -
1550920145.851     24 10.254.58.150 TCP_MISS/304 242 GET http://mc.corel.com/futuretense_cs/ccurl/746/60/logo_mcafee.png - DIRECT/23.42.152.151 image/png
1550920145.855     92 10.254.55.18 TCP_MISS/200 1784 CONNECT 10.254.55.48:443 - DIRECT/10.254.55.48 -
1550920145.882     79 10.254.55.18 TCP_MISS/200 1662 CONNECT 10.254.55.244:443 - DIRECT/10.254.55.244 -
1550920145.883     23 10.254.58.150 TCP_MISS/304 249 GET http://mc.corel.com/futuretense_cs/ccurl/597/653/unverified.json - DIRECT/23.42.152.151 application/json
1550920145.886     56 10.254.55.18 TCP_MISS/200 1662 CONNECT 10.254.55.244:443 - DIRECT/10.254.55.244 -
1550920145.893     95 10.254.57.20 TCP_MISS/200 190 POST http://ru-mow-anx-r012.teamviewer.com/dout.aspx? - DIRECT/37.252.254.175 -
1550920145.909     52 10.254.55.18 TCP_MISS/200 1662 CONNECT 10.254.55.244:443 - DIRECT/10.254.55.244 -
1550920145.917     24 10.254.58.150 TCP_MISS/304 242 GET http://mc.corel.com/futuretense_cs/ccurl/1010/363/updatenotentitledX8,5.htm - DIRECT/23.42.152.151 text/html
1550920145.936    112 10.254.55.18 TCP_MISS/200 1784 CONNECT 10.254.55.48:443 - DIRECT/10.254.55.48 -
1550920145.945    126 10.254.56.240 TCP_MISS/503 0 CONNECT 198.7.58.83:80 - DIRECT/198.7.58.83 -
1550920145.951     24 10.254.58.150 TCP_MISS/304 242 GET http://mc.corel.com/futuretense_cs/ccurl/184/866/upgrade_first_page.html - DIRECT/23.42.152.151 text/html
1550920145.951     66 10.254.55.18 TCP_MISS/200 1662 CONNECT 10.254.55.244:443 - DIRECT/10.254.55.244 -
1550920145.965     52 10.254.55.18 TCP_MISS/200 1662 CONNECT 10.254.55.244:443 - DIRECT/10.254.55.244 -
1550920145.989    100 10.254.55.18 TCP_MISS/200 1784 CONNECT 10.254.55.48:443 - DIRECT/10.254.55.48 -
1550920145.995     23 10.254.58.150 TCP_MISS/304 255 GET http://mc.corel.com/futuretense_cs/ccurl/406/219/upgrade_first_page.js - DIRECT/23.42.152.151 application/javascript
1550920146.016     78 10.254.55.18 TCP_MISS/200 1662 CONNECT 10.254.55.244:443 - DIRECT/10.254.55.244 -
1550920146.016     51 10.254.55.18 TCP_MISS/200 1662 CONNECT 10.254.55.244:443 - DIRECT/10.254.55.244 -
1550920146.019     81 10.254.57.20 TCP_MISS/200 190 POST http://ru-mow-anx-r012.teamviewer.com/dout.aspx? - DIRECT/37.252.254.175 -
1550920146.028     24 10.254.58.150 TCP_MISS/304 242 GET http://mc.corel.com/futuretense_cs/ccurl/76/102/upgrade_program_page.html - DIRECT/23.42.152.151 text/html
1550920146.043     90 10.254.55.18 TCP_MISS/200 1784 CONNECT 10.254.55.48:443 - DIRECT/10.254.55.48 -
1550920146.061    137 10.254.56.240 TCP_MISS/503 0 CONNECT 198.7.58.83:80 - DIRECT/198.7.58.83 -
1550920146.062     24 10.254.58.150 TCP_MISS/304 255 GET http://mc.corel.com/futuretense_cs/ccurl/554/916/upgrade_program_page.js - DIRECT/23.42.152.151 application/javascript
1550920146.070     78 10.254.55.18 TCP_MISS/200 1662 CONNECT 10.254.55.244:443 - DIRECT/10.254.55.244 -
1550920146.080     61 10.254.55.18 TCP_MISS/200 1662 CONNECT 10.254.55.244:443 - DIRECT/10.254.55.244 -
1550920146.095     24 10.254.58.150 TCP_MISS/304 242 GET http://mc.corel.com/futuretense_cs/ccurl/354/776/upgrade_second_page.html - DIRECT/23.42.152.151 text/html
1550920146.096     50 10.254.55.18 TCP_MISS/200 1662 CONNECT 10.254.55.244:443 - DIRECT/10.254.55.244 -
1550920146.116    137 10.254.56.240 TCP_MISS/503 0 CONNECT 198.7.58.83:80 - DIRECT/198.7.58.83 -
1550920146.123    105 10.254.55.18 TCP_MISS/200 1784 CONNECT 10.254.55.48:443 - DIRECT/10.254.55.48 -
1550920146.129     24 10.254.58.150 TCP_MISS/304 255 GET http://mc.corel.com/futuretense_cs/ccurl/192/266/upgrade_second_page.js - DIRECT/23.42.152.151 application/javascript
1550920146.139     86 10.254.57.20 TCP_MISS/200 190 POST http://ru-mow-anx-r012.teamviewer.com/dout.aspx? - DIRECT/37.252.254.175 -
1550920146.145     73 10.254.55.18 TCP_MISS/200 1662 CONNECT 10.254.55.244:443 - DIRECT/10.254.55.244 -
1550920146.150     51 10.254.55.18 TCP_MISS/200 1662 CONNECT 10.254.55.244:443 - DIRECT/10.254.55.244 -
1550920146.158     38 10.254.55.4 TCP_MISS/200 39 CONNECT 62.128.100.221:443 - DIRECT/62.128.100.221 -
1550920146.163     23 10.254.58.150 TCP_MISS/304 242 GET http://mc.corel.com/futuretense_cs/ccurl/756/31/IPP_page,0.html - DIRECT/23.42.152.151 text/html
1550920146.173      0 10.254.58.150 TCP_IMS_HIT/304 265 GET http://mc.corel.com/futuretense_cs/ccurl/722/432/IPP_page,0.js - NONE/- application/javascript
1550920146.177     94 10.254.55.18 TCP_MISS/200 1784 CONNECT 10.254.55.48:443 - DIRECT/10.254.55.48 -
1550920146.203     78 10.254.55.18 TCP_MISS/200 1662 CONNECT 10.254.55.244:443 - DIRECT/10.254.55.244 -
1550920146.211     58 10.254.55.18 TCP_MISS/200 1662 CONNECT 10.254.55.244:443 - DIRECT/10.254.55.244 -
1550920146.225     24 10.254.58.150 TCP_MISS/304 255 GET http://mc.corel.com/futuretense_cs/ccurl/349/599/angular-animate.min,0.js - DIRECT/23.42.152.151 application/javascript
1550920146.229     49 10.254.55.18 TCP_MISS/200 1662 CONNECT 10.254.55.244:443 - DIRECT/10.254.55.244 -
1550920146.256    108 10.254.55.18 TCP_MISS/200 1784 CONNECT 10.254.55.48:443 - DIRECT/10.254.55.48 -
1550920146.258     23 10.254.58.150 TCP_MISS/304 255 GET http://mc.corel.com/futuretense_cs/ccurl/949/867/angular-route.min,0.js - DIRECT/23.42.152.151 application/javascript
1550920146.274     68 10.254.55.18 TCP_MISS/200 1662 CONNECT 10.254.55.244:443 - DIRECT/10.254.55.244 -
1550920146.276     95 10.254.57.20 TCP_MISS/200 190 POST http://ru-mow-anx-r012.teamviewer.com/dout.aspx? - DIRECT/37.252.254.175 -
1550920146.283     50 10.254.55.18 TCP_MISS/200 1662 CONNECT 10.254.55.244:443 - DIRECT/10.254.55.244 -
1550920146.309    127 10.254.56.240 TCP_MISS/503 0 CONNECT 198.7.58.83:80 - DIRECT/198.7.58.83 -
1550920146.309     96 10.254.55.18 TCP_MISS/200 1784 CONNECT 10.254.55.48:443 - DIRECT/10.254.55.48 -
1550920146.335     76 10.254.55.18 TCP_MISS/200 1662 CONNECT 10.254.55.244:443 - DIRECT/10.254.55.244 -
1550920146.338     52 10.254.55.18 TCP_MISS/200 1662 CONNECT 10.254.55.244:443 - DIRECT/10.254.55.244 -
1550920146.353     23 10.254.58.150 TCP_MISS/304 255 GET http://mc.corel.com/futuretense_cs/ccurl/1009/923/angular.min,0.js - DIRECT/23.42.152.151 application/javascript
1550920146.363     52 10.254.55.18 TCP_MISS/200 1662 CONNECT 10.254.55.244:443 - DIRECT/10.254.55.244 -
1550920146.386     23 10.254.58.150 TCP_MISS/304 242 GET http://mc.corel.com/futuretense_cs/ccurl/1009/297/bullet-active-gallery,0.png - DIRECT/23.42.152.151 image/png
1550920146.391    113 10.254.55.18 TCP_MISS/200 1784 CONNECT 10.254.55.48:443 - DIRECT/10.254.55.48 -
1550920146.392     75 10.254.57.20 TCP_MISS/200 190 POST http://ru-mow-anx-r012.teamviewer.com/dout.aspx? - DIRECT/37.252.254.175 -
1550920146.402     64 10.254.55.18 TCP_MISS/200 1662 CONNECT 10.254.55.244:443 - DIRECT/10.254.55.244 -
1550920146.405    735 10.254.57.20 TCP_MISS/200 278 GET http://ru-mow-anx-r012.teamviewer.com/din.aspx? - DIRECT/37.252.254.175 application/octet-stream
1550920146.417     52 10.254.55.18 TCP_MISS/200 1662 CONNECT 10.254.55.244:443 - DIRECT/10.254.55.244 -
1550920146.419     24 10.254.58.150 TCP_MISS/304 242 GET http://mc.corel.com/futuretense_cs/ccurl/322/135/bullet-gallery,0.png - DIRECT/23.42.152.151 image/png
1550920146.438  25056 10.254.56.38 TCP_MISS/200 255 GET http://gb-lon-anx-r010.teamviewer.com/din.aspx? - DIRECT/188.172.198.141 application/octet-stream
1550920146.445    105 10.254.55.18 TCP_MISS/200 1784 CONNECT 10.254.55.48:443 - DIRECT/10.254.55.48 -
1550920146.452     23 10.254.58.150 TCP_MISS/304 242 GET http://mc.corel.com/futuretense_cs/ccurl/625/232/bullet-hover-gallery,0.png - DIRECT/23.42.152.151 image/png
1550920146.462     30 10.254.57.20 TCP_MISS/200 190 POST http://ru-mow-anx-r012.teamviewer.com/dout.aspx? - DIRECT/37.252.254.175 -
1550920146.468     74 10.254.55.18 TCP_MISS/200 1662 CONNECT 10.254.55.244:443 - DIRECT/10.254.55.244 -
1550920146.472     19 10.254.57.20 TCP_MISS/200 278 GET http://ru-mow-anx-r012.teamviewer.com/din.aspx? - DIRECT/37.252.254.175 application/octet-stream
1550920146.472     52 10.254.55.18 TCP_MISS/200 1662 CONNECT 10.254.55.244:443 - DIRECT/10.254.55.244 -
1550920146.473    126 10.254.56.240 TCP_MISS/503 0 CONNECT 198.7.58.83:80 - DIRECT/198.7.58.83 -
1550920146.486     25 10.254.58.150 TCP_MISS/304 242 GET http://mc.corel.com/futuretense_cs/ccurl/983/473/details,0.html - DIRECT/23.42.152.151 text/html
1550920146.500     95 10.254.55.18 TCP_MISS/200 1784 CONNECT 10.254.55.48:443 - DIRECT/10.254.55.48 -
1550920146.521     24 10.254.58.150 TCP_MISS/304 242 GET http://mc.corel.com/futuretense_cs/ccurl/921/440/dr1a,0.png - DIRECT/23.42.152.151 image/png
1550920146.526     78 10.254.55.18 TCP_MISS/200 1662 CONNECT 10.254.55.244:443 - DIRECT/10.254.55.244 -
1550920146.532     57 10.254.55.18 TCP_MISS/200 1662 CONNECT 10.254.55.244:443 - DIRECT/10.254.55.244 -
1550920146.538     29 10.254.57.20 TCP_MISS/200 190 POST http://ru-mow-anx-r012.teamviewer.com/dout.aspx? - DIRECT/37.252.254.175 -
1550920146.551     23 10.254.57.20 TCP_MISS/200 278 GET http://ru-mow-anx-r012.teamviewer.com/din.aspx? - DIRECT/37.252.254.175 application/octet-stream
1550920146.553     51 10.254.55.18 TCP_MISS/200 1662 CONNECT 10.254.55.244:443 - DIRECT/10.254.55.244 -
1550920146.571     93 10.254.56.38 TCP_MISS/200 190 POST http://gb-lon-anx-r010.teamviewer.com/dout.aspx? - DIRECT/188.172.198.141 -
1550920146.579    109 10.254.55.18 TCP_MISS/200 1784 CONNECT 10.254.55.48:443 - DIRECT/10.254.55.48 -
1550920146.595     66 10.254.55.18 TCP_MISS/200 1662 CONNECT 10.254.55.244:443 - DIRECT/10.254.55.244 -
1550920146.602     15 10.254.57.20 TCP_MISS/200 278 GET http://ru-mow-anx-r012.teamviewer.com/din.aspx? - DIRECT/37.252.254.175 application/octet-stream
1550920146.606     50 10.254.55.18 TCP_MISS/200 1662 CONNECT 10.254.55.244:443 - DIRECT/10.254.55.244 -
1550920146.612    126 10.254.56.240 TCP_MISS/503 0 CONNECT 198.7.58.83:80 - DIRECT/198.7.58.83 -
1550920146.632     98 10.254.55.18 TCP_MISS/200 1784 CONNECT 10.254.55.48:443 - DIRECT/10.254.55.48 -
1550920146.659     78 10.254.55.18 TCP_MISS/200 1662 CONNECT 10.254.55.244:443 - DIRECT/10.254.55.244 -
1550920146.662     53 10.254.55.18 TCP_MISS/200 1662 CONNECT 10.254.55.244:443 - DIRECT/10.254.55.244 -
1550920146.682     23 10.254.58.150 TCP_MISS/304 242 GET http://mc.corel.com/futuretense_cs/ccurl/794/318/dr1b,0.png - DIRECT/23.42.152.151 image/png
1550920146.685     50 10.254.55.18 TCP_MISS/200 1662 CONNECT 10.254.55.244:443 - DIRECT/10.254.55.244 -
1550920146.711    113 10.254.55.18 TCP_MISS/200 1784 CONNECT 10.254.55.48:443 - DIRECT/10.254.55.48 -
1550920146.715     24 10.254.58.150 TCP_MISS/304 242 GET http://mc.corel.com/futuretense_cs/ccurl/56/751/dr2a,0.png - DIRECT/23.42.152.151 image/png
1550920146.727     64 10.254.55.18 TCP_MISS/200 1662 CONNECT 10.254.55.244:443 - DIRECT/10.254.55.244 -
1550920146.738     50 10.254.55.18 TCP_MISS/200 1662 CONNECT 10.254.55.244:443 - DIRECT/10.254.55.244 -
1550920146.749     24 10.254.58.150 TCP_MISS/304 242 GET http://mc.corel.com/futuretense_cs/ccurl/953/628/dr2b,0.png - DIRECT/23.42.152.151 image/png
1550920146.758     98 10.254.57.20 TCP_MISS/200 190 POST http://ru-mow-anx-r012.teamviewer.com/dout.aspx? - DIRECT/37.252.254.175 -
1550920146.765    101 10.254.55.18 TCP_MISS/200 1784 CONNECT 10.254.55.48:443 - DIRECT/10.254.55.48 -
1550920146.782     23 10.254.58.150 TCP_MISS/304 242 GET http://mc.corel.com/futuretense_cs/ccurl/765/836/gallery_page,0.html - DIRECT/23.42.152.151 text/html
1550920146.787     84 10.254.56.129 TCP_MISS/200 39 CONNECT 62.128.100.223:443 - DIRECT/62.128.100.223 -
1550920146.791     77 10.254.55.18 TCP_MISS/200 1662 CONNECT 10.254.55.244:443 - DIRECT/10.254.55.244 -
1550920146.792     51 10.254.55.18 TCP_MISS/200 1662 CONNECT 10.254.55.244:443 - DIRECT/10.254.55.244 -
1550920146.816     23 10.254.58.150 TCP_MISS/304 255 GET http://mc.corel.com/futuretense_cs/ccurl/665/736/jquery,0.js - DIRECT/23.42.152.151 application/javascript
1550920146.818     89 10.254.55.18 TCP_MISS/200 1784 CONNECT 10.254.55.48:443 - DIRECT/10.254.55.48 -
1550920146.850     24 10.254.58.150 TCP_MISS/304 242 GET http://mc.corel.com/futuretense_cs/ccurl/559/233/new_feature_video_first_page,13.html - DIRECT/23.42.152.151 text/html
1550920146.855     88 10.254.55.18 TCP_MISS/200 1662 CONNECT 10.254.55.244:443 - DIRECT/10.254.55.244 -
1550920146.871     88 10.254.57.20 TCP_MISS/200 190 POST http://ru-mow-anx-r012.teamviewer.com/dout.aspx? - DIRECT/37.252.254.175 -
1550920146.877     82 10.254.55.18 TCP_MISS/200 1662 CONNECT 10.254.55.244:443 - DIRECT/10.254.55.244 -
1550920146.904    110 10.254.55.18 TCP_MISS/200 1784 CONNECT 10.254.55.48:443 - DIRECT/10.254.55.48 -
1550920146.906     24 10.254.58.150 TCP_MISS/304 255 GET http://mc.corel.com/futuretense_cs/ccurl/205/31/new_feature_video_first_page,0.js - DIRECT/23.42.152.151 application/javascript
1550920146.940     24 10.254.58.150 TCP_MISS/304 242 GET http://mc.corel.com/futuretense_cs/ccurl/715/620/new_feature_video_second_page,13.html - DIRECT/23.42.152.151 text/html
1550920146.967    146 10.254.55.18 TCP_MISS/200 1662 CONNECT 10.254.55.244:443 - DIRECT/10.254.55.244 -
1550920146.974     24 10.254.58.150 TCP_MISS/304 255 GET http://mc.corel.com/futuretense_cs/ccurl/105/576/new_feature_video_second_page,0.js - DIRECT/23.42.152.151 application/javascript
1550920146.979     76 10.254.57.20 TCP_MISS/200 190 POST http://ru-mow-anx-r012.teamviewer.com/dout.aspx? - DIRECT/37.252.254.175 -
1550920146.990    110 10.254.55.18 TCP_MISS/200 1662 CONNECT 10.254.55.244:443 - DIRECT/10.254.55.244 -
1550920147.007     24 10.254.58.150 TCP_MISS/304 242 GET http://mc.corel.com/futuretense_cs/ccurl/907/545/pp1a,0.png - DIRECT/23.42.152.151 image/png
1550920147.017    160 10.254.55.18 TCP_MISS/200 1784 CONNECT 10.254.55.48:443 - DIRECT/10.254.55.48 -
1550920147.042     25 10.254.58.150 TCP_MISS/304 242 GET http://mc.corel.com/futuretense_cs/ccurl/780/423/pp1b,0.png - DIRECT/23.42.152.151 image/png
1550920147.048    143 10.254.55.18 TCP_MISS/200 1662 CONNECT 10.254.55.244:443 - DIRECT/10.254.55.244 -
1550920147.071     79 10.254.55.18 TCP_MISS/200 1662 CONNECT 10.254.55.244:443 - DIRECT/10.254.55.244 -
1550920147.076     24 10.254.58.150 TCP_MISS/304 242 GET http://mc.corel.com/futuretense_cs/ccurl/42/856/pp2a,0.png - DIRECT/23.42.152.151 image/png
1550920147.093     91 10.254.57.20 TCP_MISS/200 190 POST http://ru-mow-anx-r012.teamviewer.com/dout.aspx? - DIRECT/37.252.254.175 -
1550920147.095    137 10.254.56.240 TCP_MISS/503 0 CONNECT 198.7.58.83:80 - DIRECT/198.7.58.83 -
1550920147.097    128 10.254.55.18 TCP_MISS/200 1784 CONNECT 10.254.55.48:443 - DIRECT/10.254.55.48 -
1550920147.100   5090 10.254.55.47 TCP_MISS/200 255 GET http://no-osl-anx-r003.teamviewer.com/din.aspx? - DIRECT/188.172.223.102 application/octet-stream
1550920147.109     24 10.254.58.150 TCP_MISS/304 242 GET http://mc.corel.com/futuretense_cs/ccurl/939/733/pp2b,0.png - DIRECT/23.42.152.151 image/png
1550920147.134    114 10.254.55.18 TCP_MISS/200 1662 CONNECT 10.254.55.244:443 - DIRECT/10.254.55.244 -
1550920147.142     24 10.254.58.150 TCP_MISS/304 242 GET http://mc.corel.com/futuretense_cs/ccurl/492/228/purchase_page,0.html - DIRECT/23.42.152.151 text/html
1550920147.156     82 10.254.55.18 TCP_MISS/200 1662 CONNECT 10.254.55.244:443 - DIRECT/10.254.55.244 -
1550920147.177     25 10.254.58.150 TCP_MISS/304 255 GET http://mc.corel.com/futuretense_cs/ccurl/664/917/purchase_page_cdgs.js - DIRECT/23.42.152.151 application/javascript
1550920147.182    131 10.254.55.18 TCP_MISS/200 1784 CONNECT 10.254.55.48:443 - DIRECT/10.254.55.48 -
1550920147.197     97 10.254.55.18 TCP_MISS/200 1662 CONNECT 10.254.55.244:443 - DIRECT/10.254.55.244 -
1550920147.211     25 10.254.58.150 TCP_MISS/304 255 GET http://mc.corel.com/futuretense_cs/ccurl/315/650/root_promo_page,0.js - DIRECT/23.42.152.151 application/javascript
1550920147.212     53 10.254.55.18 TCP_MISS/200 1662 CONNECT 10.254.55.244:443 - DIRECT/10.254.55.244 -
1550920147.213    126 10.254.56.240 TCP_MISS/503 0 CONNECT 198.7.58.83:80 - DIRECT/198.7.58.83 -
1550920147.218     86 10.254.57.20 TCP_MISS/200 190 POST http://ru-mow-anx-r012.teamviewer.com/dout.aspx? - DIRECT/37.252.254.175 -
1550920147.238    103 10.254.55.18 TCP_MISS/200 1784 CONNECT 10.254.55.48:443 - DIRECT/10.254.55.48 -
1550920147.245     24 10.254.58.150 TCP_MISS/304 241 GET http://mc.corel.com/futuretense_cs/ccurl/81/697/root_promo_page,0.css - DIRECT/23.42.152.151 text/css
1550920147.245      0 10.254.56.171 TCP_DENIED/400 1494 CONNECT [::1]:9229 - NONE/- text/html
1550920147.248      0 10.254.56.171 TCP_DENIED/400 1494 CONNECT [::1]:9229 - NONE/- text/html
1550920147.262    126 10.254.56.240 TCP_MISS/503 0 CONNECT 198.7.58.83:80 - DIRECT/198.7.58.83 -
1550920147.262     77 10.254.55.18 TCP_MISS/200 1662 CONNECT 10.254.55.244:443 - DIRECT/10.254.55.244 -
1550920147.264     50 10.254.55.18 TCP_MISS/200 1662 CONNECT 10.254.55.244:443 - DIRECT/10.254.55.244 -
1550920147.278     24 10.254.58.150 TCP_MISS/304 242 GET http://mc.corel.com/futuretense_cs/ccurl/797/251/root_promo_page,13.html - DIRECT/23.42.152.151 text/html
1550920147.292     92 10.254.55.18 TCP_MISS/200 1784 CONNECT 10.254.55.48:443 - DIRECT/10.254.55.48 -
1550920147.313     24 10.254.58.150 TCP_MISS/304 248 GET http://mc.corel.com/futuretense_cs/ccurl/635/596/stringsBR.xml - DIRECT/23.42.152.151 application/xml
1550920147.319     78 10.254.55.18 TCP_MISS/200 1662 CONNECT 10.254.55.244:443 - DIRECT/10.254.55.244 -
1550920147.320     74 10.254.57.20 TCP_MISS/200 190 POST http://ru-mow-anx-r012.teamviewer.com/dout.aspx? - DIRECT/37.252.254.175 -
1550920147.326     58 10.254.55.18 TCP_MISS/200 1662 CONNECT 10.254.55.244:443 - DIRECT/10.254.55.244 -
1550920147.345     23 10.254.58.150 TCP_MISS/304 248 GET http://mc.corel.com/futuretense_cs/ccurl/667/784/stringsCS.xml - DIRECT/23.42.152.151 application/xml
1550920147.346     51 10.254.55.18 TCP_MISS/200 1662 CONNECT 10.254.55.244:443 - DIRECT/10.254.55.244 -
1550920147.372    108 10.254.55.18 TCP_MISS/200 1784 CONNECT 10.254.55.48:443 - DIRECT/10.254.55.48 -
1550920147.379     24 10.254.58.150 TCP_MISS/304 248 GET http://mc.corel.com/futuretense_cs/ccurl/540/662/stringsCT.xml - DIRECT/23.42.152.151 application/xml
1550920147.399     78 10.254.55.18 TCP_MISS/200 1662 CONNECT 10.254.55.244:443 - DIRECT/10.254.55.244 -
1550920147.399     51 10.254.55.18 TCP_MISS/200 1662 CONNECT 10.254.55.244:443 - DIRECT/10.254.55.244 -
1550920147.409     69 10.254.57.20 TCP_MISS/200 190 POST http://ru-mow-anx-r012.teamviewer.com/dout.aspx? - DIRECT/37.252.254.175 -
1550920147.412     24 10.254.58.150 TCP_MISS/304 248 GET http://mc.corel.com/futuretense_cs/ccurl/802/953/stringsCZ.xml - DIRECT/23.42.152.151 application/xml
1550920147.426    800 10.254.57.20 TCP_MISS/200 278 GET http://ru-mow-anx-r012.teamviewer.com/din.aspx? - DIRECT/37.252.254.175 application/octet-stream
1550920147.426     98 10.254.55.18 TCP_MISS/200 1784 CONNECT 10.254.55.48:443 - DIRECT/10.254.55.48 -
1550920147.448     25 10.254.58.150 TCP_MISS/304 248 GET http://mc.corel.com/futuretense_cs/ccurl/556/756/stringsDE.xml - DIRECT/23.42.152.151 application/xml
1550920147.448    126 10.254.56.240 TCP_MISS/503 0 CONNECT 198.7.58.83:80 - DIRECT/198.7.58.83 -
1550920147.452     77 10.254.55.18 TCP_MISS/200 1662 CONNECT 10.254.55.244:443 - DIRECT/10.254.55.244 -
1550920147.463     60 10.254.55.18 TCP_MISS/200 1662 CONNECT 10.254.55.244:443 - DIRECT/10.254.55.244 -
1550920147.464     29 10.254.57.20 TCP_MISS/200 190 POST http://ru-mow-anx-r012.teamviewer.com/dout.aspx? - DIRECT/37.252.254.175 -
1550920147.475     18 10.254.57.20 TCP_MISS/200 278 GET http://ru-mow-anx-r012.teamviewer.com/din.aspx? - DIRECT/37.252.254.175 application/octet-stream
1550920147.478     50 10.254.55.18 TCP_MISS/200 1662 CONNECT 10.254.55.244:443 - DIRECT/10.254.55.244 -
1550920147.497     24 10.254.58.150 TCP_MISS/304 248 GET http://mc.corel.com/futuretense_cs/ccurl/596/991/stringsEN.xml - DIRECT/23.42.152.151 application/xml
1550920147.504 240119 10.254.56.204 TCP_MISS/200 2688 CONNECT clients6.google.com:443 - DIRECT/64.233.162.100 -
1550920147.506    105 10.254.55.18 TCP_MISS/200 1784 CONNECT 10.254.55.48:443 - DIRECT/10.254.55.48 -
1550920147.525     28 10.254.57.20 TCP_MISS/200 190 POST http://ru-mow-anx-r003.teamviewer.com/dout.aspx? - DIRECT/37.252.254.166 -
1550920147.529     27 10.254.57.20 TCP_MISS/200 190 POST http://ru-mow-anx-r012.teamviewer.com/dout.aspx? - DIRECT/37.252.254.175 -
1550920147.530     24 10.254.58.150 TCP_MISS/304 248 GET http://mc.corel.com/futuretense_cs/ccurl/985/380/stringsES.xml - DIRECT/23.42.152.151 application/xml
1550920147.531     76 10.254.55.18 TCP_MISS/200 1662 CONNECT 10.254.55.244:443 - DIRECT/10.254.55.244 -
1550920147.537     56 10.254.55.18 TCP_MISS/200 1662 CONNECT 10.254.55.244:443 - DIRECT/10.254.55.244 -
1550920147.542   1960 10.254.57.20 TCP_MISS/200 280 GET http://ru-mow-anx-r003.teamviewer.com/din.aspx? - DIRECT/37.252.254.166 application/octet-stream
1550920147.547     40 10.254.57.20 TCP_MISS/200 278 GET http://ru-mow-anx-r012.teamviewer.com/din.aspx? - DIRECT/37.252.254.175 application/octet-stream
1550920147.558     50 10.254.55.18 TCP_MISS/200 1662 CONNECT 10.254.55.244:443 - DIRECT/10.254.55.244 -
1550920147.570     25 10.254.58.150 TCP_MISS/304 248 GET http://mc.corel.com/futuretense_cs/ccurl/247/813/stringsFR.xml - DIRECT/23.42.152.151 application/xml
1550920147.581     14 10.254.57.20 TCP_MISS/200 278 GET http://ru-mow-anx-r012.teamviewer.com/din.aspx? - DIRECT/37.252.254.175 application/octet-stream
1550920147.585    119 10.254.55.18 TCP_MISS/200 1784 CONNECT 10.254.55.48:443 - DIRECT/10.254.55.48 -
1550920147.603     68 10.254.55.18 TCP_MISS/200 1662 CONNECT 10.254.55.244:443 - DIRECT/10.254.55.244 -
1550920147.604     24 10.254.58.150 TCP_MISS/304 248 GET http://mc.corel.com/futuretense_cs/ccurl/470/475/stringsIT.xml - DIRECT/23.42.152.151 application/xml
1550920147.608  25044 10.254.56.88 TCP_MISS/200 255 GET http://nl-ams-anx-r008.teamviewer.com/din.aspx? - DIRECT/188.172.219.139 application/octet-stream
1550920147.613     53 10.254.55.18 TCP_MISS/200 1662 CONNECT 10.254.55.244:443 - DIRECT/10.254.55.244 -
1550920147.620    126 10.254.56.240 TCP_MISS/503 0 CONNECT 198.7.58.83:80 - DIRECT/198.7.58.83 -
1550920147.637     23 10.254.58.150 TCP_MISS/304 248 GET http://mc.corel.com/futuretense_cs/ccurl/113/250/stringsJP.xml - DIRECT/23.42.152.151 application/xml
1550920147.639     99 10.254.55.18 TCP_MISS/200 1784 CONNECT 10.254.55.48:443 - DIRECT/10.254.55.48 -
1550920147.665     78 10.254.55.18 TCP_MISS/200 1662 CONNECT 10.254.55.244:443 - DIRECT/10.254.55.244 -
1550920147.669     53 10.254.55.18 TCP_MISS/200 1662 CONNECT 10.254.55.244:443 - DIRECT/10.254.55.244 -
1550920147.671     24 10.254.58.150 TCP_MISS/304 248 GET http://mc.corel.com/futuretense_cs/ccurl/233/955/stringsNL.xml - DIRECT/23.42.152.151 application/xml
1550920147.682     82 10.254.57.20 TCP_MISS/200 190 POST http://ru-mow-anx-r012.teamviewer.com/dout.aspx? - DIRECT/37.252.254.175 -
1550920147.692     50 10.254.55.18 TCP_MISS/200 1662 CONNECT 10.254.55.244:443 - DIRECT/10.254.55.244 -
1550920147.705     25 10.254.58.150 TCP_MISS/304 248 GET http://mc.corel.com/futuretense_cs/ccurl/551/551/stringsPL.xml - DIRECT/23.42.152.151 application/xml
1550920147.708     86 10.254.56.88 TCP_MISS/200 190 POST http://nl-ams-anx-r008.teamviewer.com/dout.aspx? - DIRECT/188.172.219.139 -
1550920147.708    155 10.254.55.161 TCP_MISS/442 246 POST http://slcw.ff.avast.com/v4/getGatewayPools - DIRECT/5.62.36.54 application/octet-stream
1550920147.719    113 10.254.55.18 TCP_MISS/200 1784 CONNECT 10.254.55.48:443 - DIRECT/10.254.55.48 -
1550920147.732     63 10.254.55.18 TCP_MISS/200 1662 CONNECT 10.254.55.244:443 - DIRECT/10.254.55.244 -
1550920147.740     25 10.254.58.150 TCP_MISS/304 248 GET http://mc.corel.com/futuretense_cs/ccurl/750/72/stringsRU.xml - DIRECT/23.42.152.151 application/xml
1550920147.743 240219 10.254.56.204 TCP_MISS/200 4117 CONNECT clients6.google.com:443 - DIRECT/64.233.162.138 -
1550920147.745     50 10.254.55.18 TCP_MISS/200 1662 CONNECT 10.254.55.244:443 - DIRECT/10.254.55.244 -
1550920147.763    127 10.254.56.240 TCP_MISS/503 0 CONNECT 198.7.58.83:80 - DIRECT/198.7.58.83 -
1550920147.772    101 10.254.55.18 TCP_MISS/200 1784 CONNECT 10.254.55.48:443 - DIRECT/10.254.55.48 -
1550920147.775     25 10.254.58.150 TCP_MISS/304 248 GET http://mc.corel.com/futuretense_cs/ccurl/425/35/stringsTR.xml - DIRECT/23.42.152.151 application/xml
1550920147.796     75 10.254.55.18 TCP_MISS/200 1662 CONNECT 10.254.55.244:443 - DIRECT/10.254.55.244 -
1550920147.809     95 10.254.57.20 TCP_MISS/200 190 POST http://ru-mow-anx-r012.teamviewer.com/dout.aspx? - DIRECT/37.252.254.175 -
1550920147.809     24 10.254.58.150 TCP_MISS/304 242 GET http://mc.corel.com/futuretense_cs/ccurl/739/373/timer-0,0.png - DIRECT/23.42.152.151 image/png
1550920147.819     54 10.254.57.160 TCP_MISS/200 39 CONNECT 77.74.181.20:443 - DIRECT/77.74.181.20 -
1550920147.854     26 10.254.58.150 TCP_MISS/304 242 GET http://mc.corel.com/futuretense_cs/ccurl/997/150/timer-13,0.png - DIRECT/23.42.152.151 image/png
1550920147.860    112 10.254.55.18 TCP_MISS/200 1662 CONNECT 10.254.55.244:443 - DIRECT/10.254.55.244 -
1550920147.879    326 10.254.57.157 TCP_MISS/200 416 POST http://connectivitycheck.getdropbox.com/client/ping_http - DIRECT/162.125.70.2 text/plain
1550920147.883    148 10.254.55.18 TCP_MISS/200 1784 CONNECT 10.254.55.48:443 - DIRECT/10.254.55.48 -
1550920147.891     27 10.254.58.150 TCP_MISS/304 242 GET http://mc.corel.com/futuretense_cs/ccurl/743/930/timer-15,0.png - DIRECT/23.42.152.151 image/png
1550920147.925     25 10.254.58.150 TCP_MISS/304 242 GET http://mc.corel.com/futuretense_cs/ccurl/485/129/timer-2,0.png - DIRECT/23.42.152.151 image/png
1550920147.930    130 10.254.55.18 TCP_MISS/200 1784 CONNECT 10.254.55.48:443 - DIRECT/10.254.55.48 -
1550920147.939    100 10.254.57.20 TCP_MISS/200 190 POST http://ru-mow-anx-r012.teamviewer.com/dout.aspx? - DIRECT/37.252.254.175 -
1550920147.959     24 10.254.58.150 TCP_MISS/304 242 GET http://mc.corel.com/futuretense_cs/ccurl/874/542/timer-7,0.png - DIRECT/23.42.152.151 image/png
1550920147.993    219 10.254.55.18 TCP_MISS/200 1662 CONNECT 10.254.55.244:443 - DIRECT/10.254.55.244 -
1550920147.995     27 10.254.58.150 TCP_MISS/304 242 GET http://mc.corel.com/futuretense_cs/ccurl/885/841/tutorial_image,0.png - DIRECT/23.42.152.151 image/png
1550920148.017    155 10.254.55.18 TCP_MISS/200 1784 CONNECT 10.254.55.48:443 - DIRECT/10.254.55.48 -
1550920148.029     24 10.254.58.150 TCP_MISS/304 242 GET http://mc.corel.com/futuretense_cs/ccurl/870/371/tutorial_page_draw.html - DIRECT/23.42.152.151 text/html
1550920148.059    127 10.254.55.18 TCP_MISS/200 1784 CONNECT 10.254.55.48:443 - DIRECT/10.254.55.48 -
1550920148.064     85 10.254.57.20 TCP_MISS/200 190 POST http://ru-mow-anx-r012.teamviewer.com/dout.aspx? - DIRECT/37.252.254.175 -
1550920148.065     25 10.254.58.150 TCP_MISS/304 255 GET http://mc.corel.com/futuretense_cs/ccurl/964/609/tutorial_page_draw.js - DIRECT/23.42.152.151 application/javascript
1550920148.099     25 10.254.58.150 TCP_MISS/304 242 GET http://mc.corel.com/futuretense_cs/ccurl/106/393/tutorial_page_pp.html - DIRECT/23.42.152.151 text/html
1550920148.123    238 10.254.55.18 TCP_MISS/200 1662 CONNECT 10.254.55.244:443 - DIRECT/10.254.55.244 -
1550920148.139     29 10.254.58.150 TCP_MISS/304 255 GET http://mc.corel.com/futuretense_cs/ccurl/456/211/tutorial_page_pp.js - DIRECT/23.42.152.151 application/javascript
1550920148.147    151 10.254.55.18 TCP_MISS/200 1784 CONNECT 10.254.55.48:443 - DIRECT/10.254.55.48 -
1550920148.174     25 10.254.58.150 TCP_MISS/304 255 GET http://mc.corel.com/futuretense_cs/ccurl/219/487/ui-utils.min,0.js - DIRECT/23.42.152.151 application/javascript
1550920148.189    127 10.254.55.18 TCP_MISS/200 1784 CONNECT 10.254.55.48:443 - DIRECT/10.254.55.48 -
1550920148.193    173 10.254.55.18 TCP_MISS/200 1662 CONNECT 10.254.55.244:443 - DIRECT/10.254.55.244 -
1550920148.210     27 10.254.58.150 TCP_MISS/304 242 GET http://mc.corel.com/futuretense_cs/ccurl/82/68/video_image.png - DIRECT/23.42.152.151 image/png
1550920148.215    115 10.254.57.20 TCP_MISS/200 190 POST http://ru-mow-anx-r012.teamviewer.com/dout.aspx? - DIRECT/37.252.254.175 -
1550920148.222     96 10.254.55.18 TCP_MISS/200 1784 CONNECT 10.254.55.48:443 - DIRECT/10.254.55.48 -
1550920148.236    126 10.254.56.240 TCP_MISS/503 0 CONNECT 198.7.58.83:80 - DIRECT/198.7.58.83 -
1550920148.247     27 10.254.58.150 TCP_MISS/304 241 GET http://mc.corel.com/futuretense_cs/ccurl/375/353/welcome,0.css - DIRECT/23.42.152.151 text/css
1550920148.248     99 10.254.55.18 TCP_MISS/200 1662 CONNECT 10.254.55.244:443 - DIRECT/10.254.55.244 -
1550920148.256     61 10.254.55.18 TCP_MISS/200 1662 CONNECT 10.254.55.244:443 - DIRECT/10.254.55.244 -
1550920148.272 118931 10.254.56.129 TCP_MISS/200 5511 CONNECT nexus.officeapps.live.com:443 - DIRECT/52.109.76.35 -
1550920148.275     49 10.254.55.18 TCP_MISS/200 1662 CONNECT 10.254.55.244:443 - DIRECT/10.254.55.244 -
1550920148.284     29 10.254.58.150 TCP_MISS/304 242 GET http://mc.corel.com/futuretense_cs/ccurl/521/191/welcome_video_page,13.html - DIRECT/23.42.152.151 text/html
1550920148.301    109 10.254.55.18 TCP_MISS/200 1784 CONNECT 10.254.55.48:443 - DIRECT/10.254.55.48 -
1550920148.319     67 10.254.55.18 TCP_MISS/200 1662 CONNECT 10.254.55.244:443 - DIRECT/10.254.55.244 -
1550920148.323     28 10.254.58.150 TCP_MISS/304 255 GET http://mc.corel.com/futuretense_cs/ccurl/807/512/welcome_video_page,0.js - DIRECT/23.42.152.151 application/javascript
1550920148.328     50 10.254.55.18 TCP_MISS/200 1662 CONNECT 10.254.55.244:443 - DIRECT/10.254.55.244 -
1550920148.357     99 10.254.55.18 TCP_MISS/200 1784 CONNECT 10.254.55.48:443 - DIRECT/10.254.55.48 -
1550920148.361     27 10.254.58.150 TCP_MISS/304 248 GET http://mc.corel.com/futuretense_cs/ccurl/979/310/workflowdef_v3_3.xml - DIRECT/23.42.152.151 application/xml
1550920148.362    126 10.254.56.240 TCP_MISS/503 0 CONNECT 198.7.58.83:80 - DIRECT/198.7.58.83 -
1550920148.374    120 10.254.57.20 TCP_MISS/200 190 POST http://ru-mow-anx-r012.teamviewer.com/dout.aspx? - DIRECT/37.252.254.175 -
1550920148.383     79 10.254.55.18 TCP_MISS/200 1662 CONNECT 10.254.55.244:443 - DIRECT/10.254.55.244 -
1550920148.384     53 10.254.55.18 TCP_MISS/200 1662 CONNECT 10.254.55.244:443 - DIRECT/10.254.55.244 -
1550920148.397     27 10.254.58.150 TCP_MISS/304 242 GET http://mc.corel.com/futuretense_cs/ccurl/955/624/xclose.png - DIRECT/23.42.152.151 image/png
1550920148.406    126 10.254.56.240 TCP_MISS/503 0 CONNECT 198.7.58.83:80 - DIRECT/198.7.58.83 -
1550920148.410     88 10.254.55.18 TCP_MISS/200 1784 CONNECT 10.254.55.48:443 - DIRECT/10.254.55.48 -
1550920148.436     76 10.254.55.18 TCP_MISS/200 1662 CONNECT 10.254.55.244:443 - DIRECT/10.254.55.244 -
1550920148.462     76 10.254.55.18 TCP_MISS/200 1662 CONNECT 10.254.55.244:443 - DIRECT/10.254.55.244 -
1550920148.467     55 10.254.55.18 TCP_MISS/200 1662 CONNECT 10.254.55.244:443 - DIRECT/10.254.55.244 -
1550920148.472     73 10.254.57.20 TCP_MISS/200 190 POST http://ru-mow-anx-r012.teamviewer.com/dout.aspx? - DIRECT/37.252.254.175 -
1550920148.486    893 10.254.57.20 TCP_MISS/200 278 GET http://ru-mow-anx-r012.teamviewer.com/din.aspx? - DIRECT/37.252.254.175 application/octet-stream
1550920148.490     50 10.254.55.18 TCP_MISS/200 1662 CONNECT 10.254.55.244:443 - DIRECT/10.254.55.244 -
1550920148.517    131 10.254.55.18 TCP_MISS/200 1784 CONNECT 10.254.55.48:443 - DIRECT/10.254.55.48 -
1550920148.531     65 10.254.55.18 TCP_MISS/200 1662 CONNECT 10.254.55.244:443 - DIRECT/10.254.55.244 -
1550920148.543     51 10.254.55.18 TCP_MISS/200 1662 CONNECT 10.254.55.244:443 - DIRECT/10.254.55.244 -
1550920148.551     37 10.254.57.20 TCP_MISS/200 190 POST http://ru-mow-anx-r012.teamviewer.com/dout.aspx? - DIRECT/37.252.254.175 -
1550920148.564     35 10.254.57.20 TCP_MISS/200 278 GET http://ru-mow-anx-r012.teamviewer.com/din.aspx? - DIRECT/37.252.254.175 application/octet-stream
1550920148.570    100 10.254.55.18 TCP_MISS/200 1784 CONNECT 10.254.55.48:443 - DIRECT/10.254.55.48 -
1550920148.588    126 10.254.56.240 TCP_MISS/503 0 CONNECT 198.7.58.83:80 - DIRECT/198.7.58.83 -
1550920148.597     77 10.254.55.18 TCP_MISS/200 1662 CONNECT 10.254.55.244:443 - DIRECT/10.254.55.244 -
1550920148.614     68 10.254.55.18 TCP_MISS/200 1662 CONNECT 10.254.55.244:443 - DIRECT/10.254.55.244 -
1550920148.624     51 10.254.55.18 TCP_MISS/200 1662 CONNECT 10.254.55.244:443 - DIRECT/10.254.55.244 -
1550920148.639     40 10.254.57.20 TCP_MISS/200 190 POST http://ru-mow-anx-r012.teamviewer.com/dout.aspx? - DIRECT/37.252.254.175 -
1550920148.647     34 10.254.57.20 TCP_MISS/200 278 GET http://ru-mow-anx-r012.teamviewer.com/din.aspx? - DIRECT/37.252.254.175 application/octet-stream
1550920148.651    117 10.254.55.18 TCP_MISS/200 1784 CONNECT 10.254.55.48:443 - DIRECT/10.254.55.48 -
1550920148.678     78 10.254.55.18 TCP_MISS/200 1662 CONNECT 10.254.55.244:443 - DIRECT/10.254.55.244 -
1550920148.680      0 10.254.56.240 TCP_DENIED/400 1494 CONNECT [::1]:9229 - NONE/- text/html
1550920148.681     54 10.254.55.18 TCP_MISS/200 1662 CONNECT 10.254.55.244:443 - DIRECT/10.254.55.244 -
1550920148.686      0 10.254.56.240 TCP_DENIED/400 1494 CONNECT [::1]:9229 - NONE/- text/html
1550920148.696      0 10.254.55.4 TCP_DENIED/400 1534 GET computeMetadata/v1/instance/id - NONE/- text/html
1550920148.702     21 10.254.57.20 TCP_MISS/200 278 GET http://ru-mow-anx-r012.teamviewer.com/din.aspx? - DIRECT/37.252.254.175 application/octet-stream
1550920148.707     52 10.254.55.18 TCP_MISS/200 1662 CONNECT 10.254.55.244:443 - DIRECT/10.254.55.244 -
1550920148.733    114 10.254.55.18 TCP_MISS/200 1784 CONNECT 10.254.55.48:443 - DIRECT/10.254.55.48 -
1550920148.745     63 10.254.55.18 TCP_MISS/200 1662 CONNECT 10.254.55.244:443 - DIRECT/10.254.55.244 -
1550920148.759    126 10.254.56.240 TCP_MISS/503 0 CONNECT 198.7.58.83:80 - DIRECT/198.7.58.83 -
1550920148.760     51 10.254.55.18 TCP_MISS/200 1662 CONNECT 10.254.55.244:443 - DIRECT/10.254.55.244 -
1550920148.772   5105 10.254.55.248 TCP_MISS/200 255 GET http://rs-beg-anx-r005.teamviewer.com/din.aspx? - DIRECT/217.146.8.72 application/octet-stream
1550920148.788    105 10.254.55.18 TCP_MISS/200 1784 CONNECT 10.254.55.48:443 - DIRECT/10.254.55.48 -
1550920148.809     73 10.254.55.18 TCP_MISS/200 1662 CONNECT 10.254.55.244:443 - DIRECT/10.254.55.244 -
1550920148.816     53 10.254.55.18 TCP_MISS/200 1662 CONNECT 10.254.55.244:443 - DIRECT/10.254.55.244 -
1550920148.844     97 10.254.55.18 TCP_MISS/200 1784 CONNECT 10.254.55.48:443 - DIRECT/10.254.55.48 -
1550920148.866    132 10.254.57.20 TCP_MISS/200 190 POST http://ru-mow-anx-r012.teamviewer.com/dout.aspx? - DIRECT/37.252.254.175 -
1550920148.872     82 10.254.55.18 TCP_MISS/200 1662 CONNECT 10.254.55.244:443 - DIRECT/10.254.55.244 -
1550920148.875     55 10.254.55.18 TCP_MISS/200 1662 CONNECT 10.254.55.244:443 - DIRECT/10.254.55.244 -
1550920148.898     50 10.254.55.18 TCP_MISS/200 1662 CONNECT 10.254.55.244:443 - DIRECT/10.254.55.244 -
1550920148.922    136 10.254.56.240 TCP_MISS/503 0 CONNECT 198.7.58.83:80 - DIRECT/198.7.58.83 -
1550920148.926    114 10.254.55.18 TCP_MISS/200 1784 CONNECT 10.254.55.48:443 - DIRECT/10.254.55.48 -
1550920148.939     64 10.254.55.18 TCP_MISS/200 1662 CONNECT 10.254.55.244:443 - DIRECT/10.254.55.244 -
1550920148.955    210 10.254.58.150 TCP_MISS/200 432194 GET http://mc.corel.com/servlet/MCSatellite? - DIRECT/23.42.152.151 text/xml
1550920148.955     54 10.254.55.18 TCP_MISS/200 1662 CONNECT 10.254.55.244:443 - DIRECT/10.254.55.244 -
1550920148.981    104 10.254.55.18 TCP_MISS/200 1784 CONNECT 10.254.55.48:443 - DIRECT/10.254.55.48 -
1550920148.999     95 10.254.57.20 TCP_MISS/200 190 POST http://ru-mow-anx-r012.teamviewer.com/dout.aspx? - DIRECT/37.252.254.175 -
1550920149.004     76 10.254.55.18 TCP_MISS/200 1662 CONNECT 10.254.55.244:443 - DIRECT/10.254.55.244 -
1550920149.007     52 10.254.55.18 TCP_MISS/200 1662 CONNECT 10.254.55.244:443 - DIRECT/10.254.55.244 -
1550920149.034     92 10.254.55.18 TCP_MISS/200 1784 CONNECT 10.254.55.48:443 - DIRECT/10.254.55.48 -
1550920149.061     78 10.254.55.18 TCP_MISS/200 1662 CONNECT 10.254.55.244:443 - DIRECT/10.254.55.244 -
